=== Testing Federated Messaging (Robust) ===

--- Step 1: Login/Register Users ---
User 1 Token: eyJhbGciOi...
User 2 Token: eyJhbGciOi... (ID on Inst2: c66d78a2-3ed9-486b-9042-280a880c7307)

--- Step 2: Search for testuser2_final@splitter-2 on Instance 1 ---
Found user: testuser2_final (ID: 2eade913-790b-40d0-b1ac-e7b6fe98a42c)
RESOLVED: Remote user has Local ID on Instance 1: 2eade913-790b-40d0-b1ac-e7b6fe98a42c

--- Step 3: Sending DM: 'Federated Message Test 1771355725' ---
SendMessage status: 201

--- Step 4: Waiting for delivery (3s) ---

--- Step 5: Checking Inbox on Instance 2 ---
Instance 2 has 0 threads

Γ¥î FAILURE: Message not found in Instance 2 inbox
